../Core/Src/main.c:75:6:HAL_ADC_ConvCpltCallback	16	static
../Core/Src/main.c:99:5:main	16	static
../Core/Src/main.c:154:6:SystemClock_Config	88	static
../Core/Src/main.c:204:13:MX_ADC1_Init	24	static
../Core/Src/main.c:256:13:MX_SAI1_Init	8	static
../Core/Src/main.c:304:13:MX_USART3_UART_Init	8	static
../Core/Src/main.c:339:13:MX_USB_OTG_FS_PCD_Init	8	static
../Core/Src/main.c:372:13:MX_DMA_Init	16	static
../Core/Src/main.c:390:13:MX_GPIO_Init	56	static
../Core/Src/main.c:451:6:Error_Handler	48	static,ignoring_inline_asm
